------------------------------------------------------------
TimeQuest Timing Analyzer Summary
------------------------------------------------------------

Type  : Slow Model Setup 'CLOCK_50'
Slack : -2.896
TNS   : -53.379

Type  : Slow Model Setup 'Rellotge:Relotxe|contador[0]'
Slack : -2.056
TNS   : -21.431

Type  : Slow Model Hold 'CLOCK_50'
Slack : -1.870
TNS   : -7.610

Type  : Slow Model Hold 'Rellotge:Relotxe|contador[0]'
Slack : 0.445
TNS   : 0.000

Type  : Slow Model Recovery 'CLOCK_50'
Slack : -5.016
TNS   : -146.558

Type  : Slow Model Removal 'CLOCK_50'
Slack : 1.168
TNS   : 0.000

Type  : Slow Model Minimum Pulse Width 'CLOCK_50'
Slack : -1.631
TNS   : -40.735

Type  : Slow Model Minimum Pulse Width 'Rellotge:Relotxe|contador[0]'
Slack : -0.611
TNS   : -19.552

Type  : Fast Model Setup 'CLOCK_50'
Slack : -0.669
TNS   : -6.346

Type  : Fast Model Setup 'Rellotge:Relotxe|contador[0]'
Slack : -0.225
TNS   : -0.840

Type  : Fast Model Hold 'CLOCK_50'
Slack : -0.966
TNS   : -8.060

Type  : Fast Model Hold 'Rellotge:Relotxe|contador[0]'
Slack : 0.215
TNS   : 0.000

Type  : Fast Model Recovery 'CLOCK_50'
Slack : -1.920
TNS   : -56.211

Type  : Fast Model Removal 'CLOCK_50'
Slack : 0.750
TNS   : 0.000

Type  : Fast Model Minimum Pulse Width 'CLOCK_50'
Slack : -1.380
TNS   : -33.380

Type  : Fast Model Minimum Pulse Width 'Rellotge:Relotxe|contador[0]'
Slack : -0.500
TNS   : -16.000

------------------------------------------------------------
